2026-09-25 12:30:21:037 info: "############# Request POST /ask Started #############" (at file:///C:/Users/SANKALP/OneDrive/Desktop/web/fluid.ai/index.py:213)
2026-09-25 12:30:21:038 info: "Request ID: 04177ab6-827d-4344-82f7-e7f8484cdabd" (at file:///C:/Users/SANKALP/OneDrive/Desktop/web/fluid.ai/index.py:214)
2026-09-25 12:30:21:042 info: "The ai request start processing" (at file:///C:/Users/SANKALP/OneDrive/Desktop/web/fluid.ai/index.py:339)
2026-09-25 12:30:21:255 error: "The timeout error came in the ai processing" (at file:///C:/Users/SANKALP/OneDrive/Desktop/web/fluid.ai/index.py:377)
2026-09-25 12:30:21:290 info: "Status Code: 504" (at file:///C:/Users/SANKALP/OneDrive/Desktop/web/fluid.ai/index.py:223)
2026-09-25 12:30:21:298 info: "Duration: 253.43 ms" (at file:///C:/Users/SANKALP/OneDrive/Desktop/web/fluid.ai/index.py:224)
2026-09-25 12:30:21:300 info: "//////////// Request POST /ask Completed ////////////" (at file:///C:/Users/SANKALP/OneDrive/Desktop/web/fluid.ai/index.py:226)
2026-09-25 12:46:42:983 info: "############# Request POST /ask Started #############" (at file:///C:/Users/SANKALP/OneDrive/Desktop/web/fluid.ai/index.py:217)
2026-09-25 12:46:42:984 info: "Request ID: 11bb3b7f-fc11-4f6f-85a4-716230137e62" (at file:///C:/Users/SANKALP/OneDrive/Desktop/web/fluid.ai/index.py:218)
2026-09-25 12:46:42:987 info: "The ai request start processing" (at file:///C:/Users/SANKALP/OneDrive/Desktop/web/fluid.ai/index.py:343)
2026-09-25 12:46:43:357 info: "The ai request get completed {'company': 'Acme AI', 'sector': 'Artificial Intelligence', 'revenue': '$5M', 'employees': 50, 'status': 'active', 'summary': 'Acme AI is an artificial intelligence company with a growing business operation.'}" (at file:///C:/Users/SANKALP/OneDrive/Desktop/web/fluid.ai/index.py:350)
2026-09-25 12:46:43:466 info: "Saved data in db" (at file:///C:/Users/SANKALP/OneDrive/Desktop/web/fluid.ai/index.py:358)
2026-09-25 12:46:43:705 info: "Generated the docx file generated_reports\report_11bb3b7f-fc11-4f6f-85a4-716230137e62.docx" (at file:///C:/Users/SANKALP/OneDrive/Desktop/web/fluid.ai/index.py:365)
2026-09-25 12:46:43:768 info: "Status Code: 200" (at file:///C:/Users/SANKALP/OneDrive/Desktop/web/fluid.ai/index.py:227)
2026-09-25 12:46:43:769 info: "Duration: 784.69 ms" (at file:///C:/Users/SANKALP/OneDrive/Desktop/web/fluid.ai/index.py:228)
2026-09-25 12:46:43:771 info: "//////////// Request POST /ask Completed ////////////" (at file:///C:/Users/SANKALP/OneDrive/Desktop/web/fluid.ai/index.py:230)
2026-09-25 12:49:19:674 info: "############# Request POST /ask Started #############" (at file:///C:/Users/SANKALP/OneDrive/Desktop/web/fluid.ai/index.py:217)
2026-09-25 12:49:19:675 info: "Request ID: 125a50ca-fb33-47de-8790-b5913230f9bd" (at file:///C:/Users/SANKALP/OneDrive/Desktop/web/fluid.ai/index.py:218)
2026-09-25 12:49:19:677 info: "The ai request start processing" (at file:///C:/Users/SANKALP/OneDrive/Desktop/web/fluid.ai/index.py:343)
2026-09-25 12:49:19:899 error: "The timeout error came in the ai processing" (at file:///C:/Users/SANKALP/OneDrive/Desktop/web/fluid.ai/index.py:381)
2026-09-25 12:49:19:910 info: "Status Code: 504" (at file:///C:/Users/SANKALP/OneDrive/Desktop/web/fluid.ai/index.py:227)
2026-09-25 12:49:19:911 info: "Duration: 236.02 ms" (at file:///C:/Users/SANKALP/OneDrive/Desktop/web/fluid.ai/index.py:228)
2026-09-25 12:49:19:912 info: "//////////// Request POST /ask Completed ////////////" (at file:///C:/Users/SANKALP/OneDrive/Desktop/web/fluid.ai/index.py:230)
2026-09-25 12:56:08:541 info: "############# Request GET /docs Started #############" (at file:///C:/Users/SANKALP/OneDrive/Desktop/web/fluid.ai/index.py:217)
2026-09-25 12:56:08:542 info: "Request ID: 6873e18c-e1e3-4235-8e8b-ba1a096aee98" (at file:///C:/Users/SANKALP/OneDrive/Desktop/web/fluid.ai/index.py:218)
2026-09-25 12:56:08:543 info: "Status Code: 200" (at file:///C:/Users/SANKALP/OneDrive/Desktop/web/fluid.ai/index.py:227)
2026-09-25 12:56:08:543 info: "Duration: 2.14 ms" (at file:///C:/Users/SANKALP/OneDrive/Desktop/web/fluid.ai/index.py:228)
2026-09-25 12:56:08:544 info: "//////////// Request GET /docs Completed ////////////" (at file:///C:/Users/SANKALP/OneDrive/Desktop/web/fluid.ai/index.py:230)
2026-09-25 12:56:08:629 info: "############# Request GET /openapi.json Started #############" (at file:///C:/Users/SANKALP/OneDrive/Desktop/web/fluid.ai/index.py:217)
2026-09-25 12:56:08:630 info: "Request ID: 7f96aaae-b4b6-4e4a-9a05-296847f3882a" (at file:///C:/Users/SANKALP/OneDrive/Desktop/web/fluid.ai/index.py:218)
2026-09-25 12:56:08:652 info: "Status Code: 200" (at file:///C:/Users/SANKALP/OneDrive/Desktop/web/fluid.ai/index.py:227)
2026-09-25 12:56:08:653 info: "Duration: 23.12 ms" (at file:///C:/Users/SANKALP/OneDrive/Desktop/web/fluid.ai/index.py:228)
2026-09-25 12:56:08:654 info: "//////////// Request GET /openapi.json Completed ////////////" (at file:///C:/Users/SANKALP/OneDrive/Desktop/web/fluid.ai/index.py:230)
2026-09-25 12:57:40:690 info: "############# Request POST /ask Started #############" (at file:///C:/Users/SANKALP/OneDrive/Desktop/web/fluid.ai/index.py:217)
2026-09-25 12:57:40:690 info: "Request ID: 840d366d-5f94-4a33-841d-594ef6c341b4" (at file:///C:/Users/SANKALP/OneDrive/Desktop/web/fluid.ai/index.py:218)
2026-09-25 12:57:40:693 info: "The ai request start processing" (at file:///C:/Users/SANKALP/OneDrive/Desktop/web/fluid.ai/index.py:343)
2026-09-25 12:57:41:073 info: "The ai request get completed {'company': 'Acme AI', 'sector': 'Artificial Intelligence', 'revenue': '$5M', 'employees': 50, 'status': 'active', 'summary': 'Acme AI is an artificial intelligence company with a growing business operation.'}" (at file:///C:/Users/SANKALP/OneDrive/Desktop/web/fluid.ai/index.py:350)
2026-09-25 12:57:41:189 info: "Saved data in db" (at file:///C:/Users/SANKALP/OneDrive/Desktop/web/fluid.ai/index.py:358)
2026-09-25 12:57:41:422 info: "Generated the docx file generated_reports\report_840d366d-5f94-4a33-841d-594ef6c341b4.docx" (at file:///C:/Users/SANKALP/OneDrive/Desktop/web/fluid.ai/index.py:365)
2026-09-25 12:57:41:492 info: "Status Code: 200" (at file:///C:/Users/SANKALP/OneDrive/Desktop/web/fluid.ai/index.py:227)
2026-09-25 12:57:41:499 info: "Duration: 802.78 ms" (at file:///C:/Users/SANKALP/OneDrive/Desktop/web/fluid.ai/index.py:228)
2026-09-25 12:57:41:502 info: "//////////// Request POST /ask Completed ////////////" (at file:///C:/Users/SANKALP/OneDrive/Desktop/web/fluid.ai/index.py:230)
2026-09-25 12:58:46:180 info: "############# Request POST /ask Started #############" (at file:///C:/Users/SANKALP/OneDrive/Desktop/web/fluid.ai/index.py:217)
2026-09-25 12:58:46:181 info: "Request ID: dc6b02d0-a666-45a1-b625-3e15326013c4" (at file:///C:/Users/SANKALP/OneDrive/Desktop/web/fluid.ai/index.py:218)
2026-09-25 12:58:46:184 info: "The ai request start processing" (at file:///C:/Users/SANKALP/OneDrive/Desktop/web/fluid.ai/index.py:343)
2026-09-25 12:58:46:405 error: "The timeout error came in the ai processing" (at file:///C:/Users/SANKALP/OneDrive/Desktop/web/fluid.ai/index.py:381)
2026-09-25 12:58:46:423 info: "Status Code: 504" (at file:///C:/Users/SANKALP/OneDrive/Desktop/web/fluid.ai/index.py:227)
2026-09-25 12:58:46:424 info: "Duration: 243.02 ms" (at file:///C:/Users/SANKALP/OneDrive/Desktop/web/fluid.ai/index.py:228)
2026-09-25 12:58:46:424 info: "//////////// Request POST /ask Completed ////////////" (at file:///C:/Users/SANKALP/OneDrive/Desktop/web/fluid.ai/index.py:230)
2026-09-25 12:59:23:916 info: "############# Request GET / Started #############" (at file:///C:/Users/SANKALP/OneDrive/Desktop/web/fluid.ai/index.py:217)
2026-09-25 12:59:23:918 info: "Request ID: 4f1e0784-4af2-4c3c-af9a-c818604ce5d6" (at file:///C:/Users/SANKALP/OneDrive/Desktop/web/fluid.ai/index.py:218)
2026-09-25 12:59:23:922 info: "Status Code: 200" (at file:///C:/Users/SANKALP/OneDrive/Desktop/web/fluid.ai/index.py:227)
2026-09-25 12:59:23:922 info: "Duration: 6.21 ms" (at file:///C:/Users/SANKALP/OneDrive/Desktop/web/fluid.ai/index.py:228)
2026-09-25 12:59:23:923 info: "//////////// Request GET / Completed ////////////" (at file:///C:/Users/SANKALP/OneDrive/Desktop/web/fluid.ai/index.py:230)
2026-09-25 12:59:25:908 info: "############# Request GET /metrics Started #############" (at file:///C:/Users/SANKALP/OneDrive/Desktop/web/fluid.ai/index.py:217)
2026-09-25 12:59:25:909 info: "Request ID: 365e0c46-3fab-4ef7-b943-aa8ade29da84" (at file:///C:/Users/SANKALP/OneDrive/Desktop/web/fluid.ai/index.py:218)
2026-09-25 12:59:25:910 info: "Status Code: 307" (at file:///C:/Users/SANKALP/OneDrive/Desktop/web/fluid.ai/index.py:227)
2026-09-25 12:59:25:911 info: "Duration: 2.03 ms" (at file:///C:/Users/SANKALP/OneDrive/Desktop/web/fluid.ai/index.py:228)
2026-09-25 12:59:25:913 info: "//////////// Request GET /metrics Completed ////////////" (at file:///C:/Users/SANKALP/OneDrive/Desktop/web/fluid.ai/index.py:230)
2026-09-25 12:59:25:921 info: "############# Request GET /metrics/ Started #############" (at file:///C:/Users/SANKALP/OneDrive/Desktop/web/fluid.ai/index.py:217)
2026-09-25 12:59:25:923 info: "Request ID: 78c8709a-5efe-477e-b67d-0fc787b0cd7c" (at file:///C:/Users/SANKALP/OneDrive/Desktop/web/fluid.ai/index.py:218)
2026-09-25 12:59:25:931 info: "Status Code: 200" (at file:///C:/Users/SANKALP/OneDrive/Desktop/web/fluid.ai/index.py:227)
2026-09-25 12:59:25:934 info: "Duration: 10.1 ms" (at file:///C:/Users/SANKALP/OneDrive/Desktop/web/fluid.ai/index.py:228)
2026-09-25 12:59:25:935 info: "//////////// Request GET /metrics/ Completed ////////////" (at file:///C:/Users/SANKALP/OneDrive/Desktop/web/fluid.ai/index.py:230)
2026-09-25 12:59:26:244 info: "############# Request GET /metrics Started #############" (at file:///C:/Users/SANKALP/OneDrive/Desktop/web/fluid.ai/index.py:217)
2026-09-25 12:59:26:244 info: "Request ID: 46a00f20-eca8-41e5-9a26-76d3a6045a82" (at file:///C:/Users/SANKALP/OneDrive/Desktop/web/fluid.ai/index.py:218)
2026-09-25 12:59:26:246 info: "Status Code: 307" (at file:///C:/Users/SANKALP/OneDrive/Desktop/web/fluid.ai/index.py:227)
2026-09-25 12:59:26:247 info: "Duration: 2.59 ms" (at file:///C:/Users/SANKALP/OneDrive/Desktop/web/fluid.ai/index.py:228)
2026-09-25 12:59:26:247 info: "//////////// Request GET /metrics Completed ////////////" (at file:///C:/Users/SANKALP/OneDrive/Desktop/web/fluid.ai/index.py:230)
2026-09-25 12:59:26:256 info: "############# Request GET /metrics/ Started #############" (at file:///C:/Users/SANKALP/OneDrive/Desktop/web/fluid.ai/index.py:217)
2026-09-25 12:59:26:257 info: "Request ID: 1525d1be-e0a6-4c01-8eff-616af8ccae04" (at file:///C:/Users/SANKALP/OneDrive/Desktop/web/fluid.ai/index.py:218)
2026-09-25 12:59:26:260 info: "Status Code: 200" (at file:///C:/Users/SANKALP/OneDrive/Desktop/web/fluid.ai/index.py:227)
2026-09-25 12:59:26:260 info: "Duration: 3.54 ms" (at file:///C:/Users/SANKALP/OneDrive/Desktop/web/fluid.ai/index.py:228)
2026-09-25 12:59:26:261 info: "//////////// Request GET /metrics/ Completed ////////////" (at file:///C:/Users/SANKALP/OneDrive/Desktop/web/fluid.ai/index.py:230)
